Copyright 1986-2019 Xilinx, Inc. All Rights Reserved.
------------------------------------------------------------------------------------
| Tool Version : Vivado v.2019.2 (win64) Build 2708876 Wed Nov  6 21:40:23 MST 2019
| Date         : Thu Dec  2 15:41:23 2021
| Host         : LAPTOP-BPEGVGAM running 64-bit major release  (build 9200)
| Command      : report_control_sets -verbose -file test_control_sets_placed.rpt
| Design       : test
| Device       : xc7a100t
------------------------------------------------------------------------------------

Control Set Information

Table of Contents
-----------------
1. Summary
2. Histogram
3. Flip-Flop Distribution
4. Detailed Control Set Information

1. Summary
----------

+----------------------------------------------------------+-------+
|                          Status                          | Count |
+----------------------------------------------------------+-------+
| Total control sets                                       |     6 |
|    Minimum number of control sets                        |     6 |
|    Addition due to synthesis replication                 |     0 |
|    Addition due to physical synthesis replication        |     0 |
| Unused register locations in slices containing registers |    26 |
+----------------------------------------------------------+-------+
* Control sets can be merged at opt_design using control_set_merge or merge_equivalent_drivers
** Run report_qor_suggestions for automated merging and remapping suggestions


2. Histogram
------------

+--------------------+-------+
|       Fanout       | Count |
+--------------------+-------+
| Total control sets |     6 |
| >= 0 to < 4        |     1 |
| >= 4 to < 6        |     2 |
| >= 6 to < 8        |     0 |
| >= 8 to < 10       |     1 |
| >= 10 to < 12      |     0 |
| >= 12 to < 14      |     0 |
| >= 14 to < 16      |     0 |
| >= 16              |     2 |
+--------------------+-------+
* Control sets can be remapped at either synth_design or opt_design


3. Flip-Flop Distribution
-------------------------

+--------------+-----------------------+------------------------+-----------------+--------------+
| Clock Enable | Synchronous Set/Reset | Asynchronous Set/Reset | Total Registers | Total Slices |
+--------------+-----------------------+------------------------+-----------------+--------------+
| No           | No                    | No                     |               2 |            1 |
| No           | No                    | Yes                    |               0 |            0 |
| No           | Yes                   | No                     |              60 |           16 |
| Yes          | No                    | No                     |               0 |            0 |
| Yes          | No                    | Yes                    |               0 |            0 |
| Yes          | Yes                   | No                     |              16 |            7 |
+--------------+-----------------------+------------------------+-----------------+--------------+


4. Detailed Control Set Information
-----------------------------------

+----------------------+------------------+----------------------+------------------+----------------+
|     Clock Signal     |   Enable Signal  |   Set/Reset Signal   | Slice Load Count | Bel Load Count |
+----------------------+------------------+----------------------+------------------+----------------+
|  CLK100MHZ_IBUF_BUFG |                  |                      |                1 |              2 |
|  CLK100MHZ_IBUF_BUFG | data[11]_i_1_n_0 | data                 |                2 |              4 |
|  CLK100MHZ_IBUF_BUFG | data[15]_i_2_n_0 | data                 |                1 |              4 |
|  CLK100MHZ_IBUF_BUFG | data[7]_i_1_n_0  | data                 |                4 |              8 |
|  CLK100MHZ_IBUF_BUFG |                  | timer_cnt[0]_i_1_n_0 |                7 |             27 |
|  CLK100MHZ_IBUF_BUFG |                  | clear                |                9 |             33 |
+----------------------+------------------+----------------------+------------------+----------------+


